\BOOKMARK [0][-]{chapter.1}{\376\377\000M\000o\000d\000e\000l\000l\000a\000z\000i\000o\000n\000e\000\040\000D\000e\000l\000\040\000S\000i\000s\000t\000e\000m\000a}{}% 1
\BOOKMARK [1][-]{section.1.1}{\376\377\000D\000e\000f\000i\000n\000i\000z\000i\000o\000n\000i\000\040\000E\000l\000e\000m\000e\000n\000t\000a\000r\000i}{chapter.1}% 2
\BOOKMARK [1][-]{section.1.2}{\376\377\000A\000s\000s\000i\000o\000m\000i\000\040\000e\000\040\000R\000e\000s\000t\000r\000i\000z\000i\000o\000n\000i}{chapter.1}% 3
\BOOKMARK [2][-]{subsection.1.2.1}{\376\377\000A\000s\000s\000i\000o\000m\000i}{section.1.2}% 4
\BOOKMARK [2][-]{subsection.1.2.2}{\376\377\000R\000e\000s\000i\000t\000r\000i\000z\000i\000o\000n\000i}{section.1.2}% 5
\BOOKMARK [0][-]{chapter.2}{\376\377\000B\000r\000o\000a\000d\000c\000a\000s\000t}{}% 6
\BOOKMARK [1][-]{section.2.1}{\376\377\000A\000l\000g\000o\000r\000i\000t\000m\000o\000\040\000F\000l\000o\000o\000d\000i\000n\000g}{chapter.2}% 7
\BOOKMARK [2][-]{subsection.2.1.1}{\376\377\000C\000o\000m\000p\000l\000e\000s\000s\000i\000t\000\340\000\040\000T\000e\000m\000p\000o\000r\000a\000l\000e}{section.2.1}% 8
\BOOKMARK [2][-]{subsection.2.1.2}{\376\377\000S\000t\000a\000t\000i\000\040\000e\000d\000\040\000E\000v\000e\000n\000t\000i}{section.2.1}% 9
\BOOKMARK [2][-]{subsection.2.1.3}{\376\377\000L\000o\000w\000e\000r\000b\000o\000u\000n\000d\000\040\000a\000l\000l\000a\000\040\000M\000e\000s\000s\000a\000g\000e\000\040\000C\000o\000m\000p\000l\000e\000x\000i\000t\000y}{section.2.1}% 10
\BOOKMARK [0][-]{chapter.3}{\376\377\000S\000p\000a\000n\000n\000i\000n\000g\000\040\000T\000r\000e\000e\000\040\000C\000o\000n\000s\000t\000r\000u\000c\000t\000i\000o\000n}{}% 11
\BOOKMARK [1][-]{section.3.1}{\376\377\000S\000i\000n\000g\000l\000e\000\040\000S\000o\000u\000r\000c\000e\000\040\000S\000H\000O\000U\000T\000\040\000P\000r\000o\000t\000o\000c\000o\000l}{chapter.3}% 12
\BOOKMARK [2][-]{subsection.3.1.1}{\376\377\000T\000e\000r\000m\000i\000n\000a\000z\000i\000o\000n\000e}{section.3.1}% 13
\BOOKMARK [2][-]{subsection.3.1.2}{\376\377\000C\000o\000r\000r\000e\000t\000t\000e\000z\000z\000a}{section.3.1}% 14
\BOOKMARK [2][-]{subsection.3.1.3}{\376\377\000M\000e\000s\000s\000a\000g\000e\000\040\000C\000o\000m\000p\000l\000e\000x\000i\000t\000y}{section.3.1}% 15
\BOOKMARK [1][-]{section.3.2}{\376\377\000S\000i\000n\000g\000l\000e\000\040\000S\000o\000u\000r\000c\000e\000\040\000S\000H\000O\000U\000T\000+\000\040\000P\000r\000o\000t\000o\000c\000o\000l}{chapter.3}% 16
\BOOKMARK [1][-]{section.3.3}{\376\377\000M\000u\000l\000t\000i\000p\000l\000e\000\040\000S\000o\000u\000r\000c\000e\000s\000\040\000S\000p\000a\000n\000n\000i\000n\000g\000\040\000T\000r\000e\000e\000\040\000C\000o\000n\000s\000t\000r\000u\000c\000t\000i\000o\000n}{chapter.3}% 17
\BOOKMARK [0][-]{chapter.4}{\376\377\000W\000a\000k\000e\000-\000U\000p\000\040\000P\000r\000o\000b\000l\000e\000m}{}% 18
\BOOKMARK [1][-]{section.4.1}{\376\377\000A\000n\000a\000l\000i\000s\000i\000\040\000d\000e\000l\000l\000'\000a\000l\000g\000o\000r\000i\000t\000m\000o\000\040\000W\000F\000l\000o\000o\000d}{chapter.4}% 19
\BOOKMARK [2][-]{subsection.4.1.1}{\376\377\000C\000o\000r\000r\000e\000t\000t\000e\000z\000z\000a}{section.4.1}% 20
\BOOKMARK [2][-]{subsection.4.1.2}{\376\377\000M\000e\000s\000s\000a\000g\000e\000\040\000C\000o\000m\000p\000l\000e\000x\000i\000t\000y}{section.4.1}% 21
\BOOKMARK [2][-]{subsection.4.1.3}{\376\377\000I\000d\000e\000a\000l\000\040\000T\000i\000m\000e\000\040\000C\000o\000m\000p\000l\000e\000x\000i\000t\000y}{section.4.1}% 22
\BOOKMARK [1][-]{section.4.2}{\376\377\000L\000o\000w\000e\000r\000\040\000B\000o\000u\000n\000d\000\040\000s\000u\000\040\000C\000l\000i\000q\000u\000e\000\040\000\050\000D\000a\000\040\000F\000A\000R\000E\000\051}{chapter.4}% 23
\BOOKMARK [0][-]{chapter.5}{\376\377\000L\000a\000b\000e\000l\000e\000d\000\040\000H\000y\000p\000e\000r\000c\000u\000b\000e}{}% 24
\BOOKMARK [1][-]{section.5.1}{\376\377\000B\000r\000o\000a\000d\000c\000a\000s\000t\000\040\000s\000u\000\040\000L\000a\000b\000e\000l\000e\000d\000\040\000H\000y\000p\000e\000r\000c\000u\000b\000e}{chapter.5}% 25
\BOOKMARK [2][-]{subsection.5.1.1}{\376\377\000C\000o\000s\000t\000r\000u\000z\000i\000o\000n\000e\000\040\000H\000y\000p\000e\000r\000c\000u\000b\000e}{section.5.1}% 26
\BOOKMARK [1][-]{section.5.2}{\376\377\000P\000r\000o\000t\000o\000c\000o\000l\000l\000o\000\040\000H\000y\000p\000e\000r\000f\000l\000o\000o\000d}{chapter.5}% 27
\BOOKMARK [0][-]{chapter.6}{\376\377\000D\000e\000p\000t\000h\000\040\000F\000i\000r\000s\000t\000\040\000T\000r\000a\000v\000e\000r\000s\000a\000l\000\040\000\050\000D\000F\000T\000\051\000\040\000P\000r\000o\000t\000o\000c\000o\000l}{}% 28
\BOOKMARK [1][-]{section.6.1}{\376\377\000P\000r\000o\000t\000o\000c\000o\000l\000l\000o\000\040\000B\000A\000C\000K}{chapter.6}% 29
\BOOKMARK [1][-]{section.6.2}{\376\377\000P\000r\000o\000t\000o\000c\000o\000l\000l\000o\000\040\000B\000A\000C\000K\000+}{chapter.6}% 30
\BOOKMARK [0][-]{chapter.7}{\376\377\000T\000r\000e\000e\000\040\000C\000o\000m\000p\000u\000t\000a\000t\000i\000o\000n\000s}{}% 31
\BOOKMARK [1][-]{section.7.1}{\376\377\000S\000a\000t\000u\000r\000a\000t\000i\000o\000n\000\040\000T\000e\000c\000h\000n\000i\000q\000u\000e}{chapter.7}% 32
\BOOKMARK [1][-]{section.7.2}{\376\377\000M\000i\000n\000i\000m\000u\000m\000\040\000F\000i\000n\000d\000i\000n\000g}{chapter.7}% 33
\BOOKMARK [1][-]{section.7.3}{\376\377\000E\000c\000c\000e\000n\000t\000r\000i\000c\000i\000t\000i\000e\000s\000\040\000\046\000\040\000C\000e\000n\000t\000e\000r\000\040\000F\000i\000n\000d\000i\000n\000g}{chapter.7}% 34
\BOOKMARK [0][-]{chapter.8}{\376\377\000L\000e\000a\000d\000e\000r\000\040\000E\000l\000e\000c\000t\000i\000o\000n}{}% 35
\BOOKMARK [1][-]{section.8.1}{\376\377\000A\000l\000l\000\040\000T\000h\000e\000\040\000W\000a\000y}{chapter.8}% 36
\BOOKMARK [2][-]{subsection.8.1.1}{\376\377\000A\000n\000a\000l\000i\000s\000i}{section.8.1}% 37
\BOOKMARK [1][-]{section.8.2}{\376\377\000A\000s\000\040\000F\000a\000r}{chapter.8}% 38
\BOOKMARK [2][-]{subsection.8.2.1}{\376\377\000A\000n\000a\000l\000i\000s\000i}{section.8.2}% 39
\BOOKMARK [1][-]{section.8.3}{\376\377\000S\000t\000a\000g\000e\000\040\000T\000e\000c\000h\000n\000i\000q\000u\000e}{chapter.8}% 40
\BOOKMARK [2][-]{subsection.8.3.1}{\376\377\000A\000n\000a\000l\000i\000s\000i}{section.8.3}% 41
\BOOKMARK [1][-]{section.8.4}{\376\377\000M\000e\000s\000h\000\040\000A\000r\000c\000h\000i\000t\000e\000c\000t\000u\000r\000e}{chapter.8}% 42
\BOOKMARK [2][-]{subsection.8.4.1}{\376\377\000P\000r\000o\000t\000o\000c\000o\000l\000l\000o}{section.8.4}% 43
\BOOKMARK [1][-]{section.8.5}{\376\377\000R\000a\000n\000d\000o\000m\000i\000z\000e\000d\000\040\000A\000l\000g\000o\000r\000i\000t\000h\000m}{chapter.8}% 44
\BOOKMARK [2][-]{subsection.8.5.1}{\376\377\000A\000n\000a\000l\000i\000s\000i}{section.8.5}% 45
\BOOKMARK [0][-]{chapter.9}{\376\377\000G\000r\000a\000p\000h\000\040\000C\000o\000l\000o\000r\000i\000n\000g}{}% 46
\BOOKMARK [1][-]{section.9.1}{\376\377\000D\000e\000t\000e\000r\000m\000i\000n\000i\000s\000t\000i\000c\000\040\000D\000i\000s\000t\000r\000i\000b\000u\000t\000e\000d\000\040\000G\000r\000a\000p\000h\000\040\000C\000o\000l\000o\000r\000i\000n\000g}{chapter.9}% 47
\BOOKMARK [2][-]{subsection.9.1.1}{\376\377\000B\000a\000s\000i\000c\000\040\000C\000o\000l\000o\000r\000\040\000R\000e\000d\000u\000c\000t\000i\000o\000n\000\040\000P\000r\000o\000c\000e\000d\000u\000r\000e\000\040\000-\000\040\000B\000C\000P}{section.9.1}% 48
\BOOKMARK [2][-]{subsection.9.1.2}{\376\377\000K\000h\000u\000n\000-\000W\000a\000t\000t\000e\000n\000h\000o\000f\000e\000n\000\040\000P\000r\000o\000c\000e\000d\000u\000r\000e}{section.9.1}% 49
\BOOKMARK [1][-]{section.9.2}{\376\377\000R\000a\000n\000d\000o\000m\000i\000z\000e\000d\000\040\000D\000i\000s\000t\000r\000i\000b\000u\000t\000e\000d\000\040\000G\000r\000a\000p\000h\000\040\000C\000o\000l\000o\000r\000i\000n\000g}{chapter.9}% 50
\BOOKMARK [2][-]{subsection.9.2.1}{\376\377\000R\000a\000n\000d\000-\0002}{section.9.2}% 51
\BOOKMARK [2][-]{subsection.9.2.2}{\376\377\000R\000a\000n\000d\000-\000+}{section.9.2}% 52
\BOOKMARK [0][-]{chapter.10}{\376\377\000M\000a\000x\000i\000m\000a\000l\000\040\000I\000n\000d\000e\000p\000e\000n\000d\000e\000n\000t\000\040\000S\000e\000t}{}% 53
\BOOKMARK [0][-]{chapter.11}{\376\377\000A\000v\000e\000r\000a\000g\000i\000n\000g\000\040\000P\000r\000o\000t\000o\000c\000o\000l}{}% 54
\BOOKMARK [1][-]{section.11.1}{\376\377\000A\000n\000a\000l\000i\000s\000i\000\040\000d\000e\000l\000\040\000p\000r\000o\000t\000o\000c\000o\000l\000o\000\040\000A\000V\000G\000\040\000p\000e\000r\000\040\000g\000r\000a\000f\000i\000\040\000-\000r\000e\000g\000u\000l\000a\000r\000\040\000e\000\040\000c\000o\000n\000n\000e\000s\000s\000i}{chapter.11}% 55
\BOOKMARK [2][-]{subsection.11.1.1}{\376\377\000C\000o\000n\000v\000e\000r\000g\000e\000n\000z\000a}{section.11.1}% 56
\BOOKMARK [2][-]{subsection.11.1.2}{\376\377\000T\000e\000m\000p\000o\000\040\000d\000i\000\040\000C\000o\000n\000v\000e\000r\000g\000e\000n\000z\000a}{section.11.1}% 57
\BOOKMARK [0][-]{chapter.12}{\376\377\000G\000o\000s\000s\000i\000p\000\040\000M\000o\000d\000e\000l\000s}{}% 58
\BOOKMARK [1][-]{section.12.1}{\376\377\000P\000r\000o\000p\000r\000i\000e\000t\000\340}{chapter.12}% 59
\BOOKMARK [1][-]{section.12.2}{\376\377\000P\000U\000L\000L\000\040\000B\000r\000o\000a\000d\000c\000a\000s\000t\000\040\000P\000r\000o\000t\000o\000c\000o\000l\000\040\000o\000n\000\040\000C\000l\000i\000q\000u\000e}{chapter.12}% 60
\BOOKMARK [1][-]{section.12.3}{\376\377\000E\000x\000p\000a\000n\000d\000e\000r\000s}{chapter.12}% 61
\BOOKMARK [2][-]{subsection.12.3.1}{\376\377\000B\000r\000o\000a\000d\000c\000a\000s\000t\000\040\000P\000U\000L\000L\000\040\000P\000r\000o\000t\000o\000c\000o\000l\000\040\000o\000v\000e\000r\000\040\000-\000R\000e\000g\000u\000l\000a\000r\000\040\000E\000x\000p\000a\000n\000d\000e\000r\000s}{section.12.3}% 62
\BOOKMARK [1][-]{section.12.4}{\376\377\000M\000a\000j\000o\000r\000i\000t\000y\000\040\000C\000o\000n\000s\000e\000n\000s\000u\000s\000:\000\040\0003\000-\000M\000A\000J\000\040\000P\000r\000o\000t\000o\000c\000o\000l}{chapter.12}% 63
\BOOKMARK [2][-]{subsection.12.4.1}{\376\377\0001\000-\000M\000A\000J\000\040\000-\000\040\000V\000o\000t\000e\000r\000\040\000M\000o\000d\000e\000l}{section.12.4}% 64
\BOOKMARK [2][-]{subsection.12.4.2}{\376\377\0002\000-\000M\000A\000J}{section.12.4}% 65
\BOOKMARK [2][-]{subsection.12.4.3}{\376\377\0003\000-\000M\000A\000J}{section.12.4}% 66
\BOOKMARK [0][-]{chapter.13}{\376\377\000R\000a\000d\000i\000o\000\040\000N\000e\000t\000w\000o\000r\000k\000s}{}% 67
\BOOKMARK [1][-]{section.13.1}{\376\377\000B\000r\000o\000a\000d\000c\000a\000s\000t\000\040\000o\000n\000\040\000R\000a\000d\000i\000o\000\040\000N\000e\000t\000w\000o\000r\000k\000s}{chapter.13}% 68
\BOOKMARK [2][-]{subsection.13.1.1}{\376\377\000R\000o\000u\000n\000d\000-\000R\000o\000b\000i\000n\000\040\000P\000r\000o\000t\000o\000c\000o\000l}{section.13.1}% 69
\BOOKMARK [2][-]{subsection.13.1.2}{\376\377\000A\000n\000a\000l\000i\000s\000i\000\040\000R\000o\000u\000n\000d\000-\000R\000o\000b\000i\000n}{section.13.1}% 70
\BOOKMARK [1][-]{section.13.2}{\376\377\000G\000e\000n\000e\000r\000a\000l\000i\000z\000e\000d\000\040\000R\000o\000u\000n\000d\000-\000R\000o\000b\000i\000n\000\040\000P\000r\000o\000t\000o\000c\000o\000l}{chapter.13}% 71
\BOOKMARK [2][-]{subsection.13.2.1}{\376\377\000T\000e\000r\000m\000i\000n\000a\000z\000i\000o\000n\000e\000\040\000L\000o\000c\000a\000l\000e}{section.13.2}% 72
\BOOKMARK [2][-]{subsection.13.2.2}{\376\377\000O\000t\000t\000i\000m\000i\000z\000z\000a\000z\000i\000o\000n\000e}{section.13.2}% 73
\BOOKMARK [1][-]{section.13.3}{\376\377\000S\000e\000l\000e\000c\000t\000i\000v\000e\000\040\000P\000r\000o\000t\000o\000c\000o\000l\000\040\000\046\000\040\000L\000o\000w\000e\000r\000\040\000B\000o\000u\000n\000d}{chapter.13}% 74
\BOOKMARK [1][-]{section.13.4}{\376\377\000P\000r\000o\000b\000a\000b\000i\000l\000i\000s\000t\000i\000c\000\040\000P\000r\000o\000t\000o\000c\000o\000l}{chapter.13}% 75
\BOOKMARK [2][-]{subsection.13.4.1}{\376\377\000B\000G\000I\000\040\000P\000r\000o\000t\000o\000c\000o\000l\000\040\000o\000n\000\040\000d\000-\000R\000e\000g\000u\000l\000a\000r\000\040\000L\000a\000y\000e\000r\000e\000d\000\040\000G\000r\000a\000p\000h\000s}{section.13.4}% 76
\BOOKMARK [2][-]{subsection.13.4.2}{\376\377\000B\000G\000I\000\040\000P\000r\000o\000t\000o\000c\000o\000l\000\040\000o\000n\000\040\000G\000e\000n\000e\000r\000a\000l\000\040\000G\000r\000a\000p\000h\000s}{section.13.4}% 77
\BOOKMARK [0][-]{chapter.14}{\376\377\000C\000o\000n\000s\000i\000s\000t\000e\000n\000t\000\040\000H\000a\000s\000h\000i\000n\000g}{}% 78
\BOOKMARK [0][-]{chapter.15}{\376\377\000D\000i\000s\000t\000r\000i\000b\000u\000t\000e\000d\000\040\000R\000a\000n\000d\000o\000m\000\040\000S\000a\000m\000p\000l\000i\000n\000g}{}% 79
