\BOOKMARK [1][-]{section.1}{\376\377\000G\000r\000u\000p\000p\000i}{}% 1
\BOOKMARK [2][-]{subsection.1.1}{\376\377\000I\000l\000\040\000G\000r\000u\000p\000p\000o\000\040\000Z\000p\000*}{section.1}% 2
\BOOKMARK [1][-]{section.2}{\376\377\000I\000n\000t\000r\000o\000d\000u\000z\000i\000o\000n\000e\000\040\000a\000l\000\040\000S\000e\000c\000r\000e\000t\000\040\000S\000h\000a\000r\000i\000n\000g}{}% 3
\BOOKMARK [1][-]{section.3}{\376\377\000S\000h\000a\000m\000i\000r\000\040\000S\000e\000c\000r\000e\000t\000\040\000S\000h\000a\000r\000i\000n\000g}{}% 4
\BOOKMARK [2][-]{subsection.3.1}{\376\377\000S\000c\000h\000e\000m\000a\000\040\000\050\0002\000,\000\040\000n\000\051}{section.3}% 5
\BOOKMARK [2][-]{subsection.3.2}{\376\377\000E\000s\000t\000e\000n\000s\000i\000o\000n\000e\000\040\000a\000\040\000\050\000t\000,\000\040\000n\000\051}{section.3}% 6
\BOOKMARK [2][-]{subsection.3.3}{\376\377\000S\000e\000c\000r\000e\000t\000\040\000S\000h\000a\000r\000i\000n\000g\000\040\000\050\0002\000,\000\040\0002\000\051\000\040\000f\000o\000r\000\040\000R\000S\000A}{section.3}% 7
\BOOKMARK [1][-]{section.4}{\376\377\000S\000e\000c\000r\000e\000t\000\040\000S\000h\000a\000r\000i\000n\000g\000\040\000f\000o\000r\000\040\000S\000e\000c\000u\000r\000e\000\040\000M\000u\000l\000t\000i\000p\000a\000r\000t\000y\000\040\000C\000o\000m\000p\000u\000t\000a\000t\000i\000o\000n}{}% 8
\BOOKMARK [2][-]{subsection.4.1}{\376\377\000T\000T\000P\000\040\000v\000s\000\040\000S\000M\000C}{section.4}% 9
\BOOKMARK [2][-]{subsection.4.2}{\376\377\000P\000r\000o\000b\000l\000e\000m\000i\000\040\000d\000i\000\040\000I\000m\000p\000l\000e\000m\000e\000n\000t\000a\000z\000i\000o\000n\000e}{section.4}% 10
\BOOKMARK [2][-]{subsection.4.3}{\376\377\000C\000o\000s\000t\000r\000u\000z\000i\000o\000n\000e}{section.4}% 11
\BOOKMARK [1][-]{section.5}{\376\377\000V\000e\000r\000i\000f\000i\000a\000b\000i\000l\000e\000\040\000S\000e\000c\000r\000e\000t\000\040\000S\000h\000a\000r\000i\000n\000g}{}% 12
\BOOKMARK [2][-]{subsection.5.1}{\376\377\000F\000e\000l\000d\000m\000a\000n\000\040\000S\000c\000h\000e\000m\000e}{section.5}% 13
\BOOKMARK [2][-]{subsection.5.2}{\376\377\000P\000e\000d\000e\000r\000s\000e\000n\000\040\000S\000c\000h\000e\000m\000e}{section.5}% 14
\BOOKMARK [2][-]{subsection.5.3}{\376\377\000D\000i\000s\000t\000r\000i\000b\000u\000t\000e\000d\000\040\000K\000e\000y\000\040\000G\000e\000n\000e\000r\000a\000t\000i\000o\000n}{section.5}% 15
\BOOKMARK [1][-]{section.6}{\376\377\000T\000h\000r\000e\000s\000h\000o\000l\000d\000\040\000a\000n\000d\000\040\000P\000o\000l\000i\000c\000y\000-\000B\000a\000s\000e\000d\000\040\000C\000r\000y\000p\000t\000o\000g\000r\000a\000p\000h\000y}{}% 16
\BOOKMARK [2][-]{subsection.6.1}{\376\377\000T\000h\000r\000e\000s\000h\000o\000l\000d\000\040\000E\000n\000c\000r\000y\000p\000t\000i\000o\000n\000:\000\040\000E\000l\000G\000a\000m\000a\000l}{section.6}% 17
\BOOKMARK [2][-]{subsection.6.2}{\376\377\000T\000h\000r\000e\000s\000h\000o\000l\000d\000\040\000S\000i\000g\000n\000a\000t\000u\000r\000e\000s\000:\000\040\000R\000S\000A}{section.6}% 18
\BOOKMARK [3][-]{subsubsection.6.2.1}{\376\377\000R\000S\000A\000\040\000C\000l\000a\000s\000s\000i\000c\000o}{subsection.6.2}% 19
\BOOKMARK [3][-]{subsubsection.6.2.2}{\376\377\000T\000h\000r\000e\000s\000h\000o\000l\000d\000\040\000R\000S\000A}{subsection.6.2}% 20
\BOOKMARK [3][-]{subsubsection.6.2.3}{\376\377\000C\000o\000m\000m\000o\000n\000\040\000M\000o\000d\000u\000l\000u\000s\000\040\000A\000t\000t\000a\000c\000k}{subsection.6.2}% 21
\BOOKMARK [1][-]{section.7}{\376\377\000L\000i\000n\000e\000a\000r\000\040\000S\000e\000c\000r\000e\000t\000\040\000S\000h\000a\000r\000i\000n\000g\000\040\000\046\000\040\000A\000c\000c\000e\000s\000s\000\040\000C\000o\000n\000t\000r\000o\000l\000\040\000M\000a\000t\000r\000i\000x}{}% 22
\BOOKMARK [2][-]{subsection.7.1}{\376\377\000L\000S\000S\000S\000\040\000e\000\040\000M\000S\000P}{section.7}% 23
\BOOKMARK [2][-]{subsection.7.2}{\376\377\000L\000S\000S\000S\000\040\000e\000\040\000S\000t\000r\000u\000t\000t\000u\000r\000e\000\040\000d\000i\000\040\000A\000c\000c\000e\000s\000s\000o}{section.7}% 24
\BOOKMARK [1][-]{section.8}{\376\377\000E\000l\000l\000i\000p\000t\000i\000c\000\040\000C\000u\000r\000v\000e}{}% 25
\BOOKMARK [2][-]{subsection.8.1}{\376\377\000E\000C\000\040\000G\000r\000o\000u\000p\000\040\000f\000o\000r\000\040\000C\000r\000y\000p\000t\000o\000g\000r\000a\000p\000h\000y}{section.8}% 26
\BOOKMARK [2][-]{subsection.8.2}{\376\377\000A\000l\000g\000o\000r\000i\000t\000m\000i\000o\000\040\000D\000o\000u\000b\000l\000e\000-\000a\000n\000d\000-\000A\000d\000d}{section.8}% 27
\BOOKMARK [2][-]{subsection.8.3}{\376\377\000E\000C\000D\000H}{section.8}% 28
\BOOKMARK [2][-]{subsection.8.4}{\376\377\000E\000C\000D\000S\000A}{section.8}% 29
\BOOKMARK [1][-]{section.9}{\376\377\000B\000i\000l\000i\000n\000e\000a\000r\000\040\000M\000a\000p\000s}{}% 30
\BOOKMARK [2][-]{subsection.9.1}{\376\377\000D\000e\000c\000i\000s\000i\000o\000n\000a\000l\000\040\000D\000i\000f\000f\000i\000e\000-\000H\000e\000l\000l\000m\000a\000n}{section.9}% 31
\BOOKMARK [2][-]{subsection.9.2}{\376\377\000J\000o\000u\000x\000'\000s\000\040\0003\000-\000P\000a\000r\000t\000y\000\040\000D\000i\000f\000f\000i\000e\000-\000H\000e\000l\000l\000m\000a\000n}{section.9}% 32
\BOOKMARK [2][-]{subsection.9.3}{\376\377\000B\000o\000n\000e\000h\000\040\000a\000n\000d\000\040\000F\000r\000a\000n\000k\000l\000i\000n\000'\000s\000\040\000I\000B\000E\000\040\000S\000c\000h\000e\000m\000e}{section.9}% 33
